     VMA      LMA     Size Align Out     In      Symbol
       0        0 80200000     1 . = 0x80200000
80200000 80200000      1fc     4 .text
80200000 80200000       14     4         /home/anto/Developer/onekos/target/riscv32i-unknown-none-elf/release/deps/onekos-24d896f8d81439af.onekos.8ed6b66557cbbd90-cgu.0.rcgu.o:(.text.boot)
80200000 80200000        0     1                 $x
80200000 80200000       14     1                 boot
80200014 80200014        8     4         /home/anto/Developer/onekos/target/riscv32i-unknown-none-elf/release/deps/onekos-24d896f8d81439af.onekos.8ed6b66557cbbd90-cgu.0.rcgu.o:(.text.rust_begin_unwind)
80200014 80200014        0     1                 $x
80200014 80200014        8     1                 rust_begin_unwind
8020001c 8020001c       4c     4         /home/anto/Developer/onekos/target/riscv32i-unknown-none-elf/release/deps/onekos-24d896f8d81439af.onekos.8ed6b66557cbbd90-cgu.0.rcgu.o:(.text.kernel_main)
8020001c 8020001c        0     1                 $x
8020001c 8020001c       4c     1                 kernel_main
80200068 80200068       2c     4         /home/anto/.rustup/toolchains/stable-x86_64-unknown-linux-gnu/lib/rustlib/riscv32i-unknown-none-elf/lib/libcore-382131875c7d74bf.rlib(core-382131875c7d74bf.core.ca04fefa7d9bc242-cgu.0.rcgu.o):(.text.unlikely._ZN4core9panicking9panic_fmt17hde9a8537392e6ea2E)
80200068 80200068        0     1                 .L0 
80200068 80200068        0     1                 .L0 
80200068 80200068        0     1                 $x
80200068 80200068        0     1                 .L0 
80200068 80200068       2c     1                 core::panicking::panic_fmt::hde9a8537392e6ea2
80200078 80200078        0     1                 .L0 
80200078 80200078        0     1                 .L0 
80200088 80200088        0     1                 .L0 
80200094 80200094        0     1                 .L0 
80200094 80200094       48     4         /home/anto/.rustup/toolchains/stable-x86_64-unknown-linux-gnu/lib/rustlib/riscv32i-unknown-none-elf/lib/libcore-382131875c7d74bf.rlib(core-382131875c7d74bf.core.ca04fefa7d9bc242-cgu.0.rcgu.o):(.text.unlikely._ZN4core9panicking5panic17h1e38f17edefd3a5aE)
80200094 80200094        0     1                 .L0 
80200094 80200094        0     1                 .L0 
80200094 80200094        0     1                 $x
80200094 80200094        0     1                 .L0 
80200094 80200094       48     1                 core::panicking::panic::h1e38f17edefd3a5a
802000a4 802000a4        0     1                 .L0 
802000b0 802000b0        0     1                 .L0 
802000b0 802000b0        0     1                 .L0 
802000cc 802000cc        0     1                 .L0 
802000dc 802000dc        0     1                 .L0 
802000dc 802000dc       48     4         /home/anto/.rustup/toolchains/stable-x86_64-unknown-linux-gnu/lib/rustlib/riscv32i-unknown-none-elf/lib/libcompiler_builtins-8f3efecf7b12fed5.rlib(compiler_builtins-8f3efecf7b12fed5.compiler_builtins.157b48630a04c17-cgu.079.rcgu.o):(.text.__mulsi3)
802000dc 802000dc        0     1                 .L0 
802000dc 802000dc        0     1                 .L0 
802000dc 802000dc        0     1                 $x
802000dc 802000dc        0     1                 .L0 
802000dc 802000dc       48     1                 __mulsi3
802000f0 802000f0        0     1                 .L0 
802000f0 802000f0        0     1                 .L0 
802000f4 802000f4        0     1                 .L0 
80200104 80200104        0     1                 .L0 
80200108 80200108        0     1                 .L0 
8020010c 8020010c        0     1                 .L0 
80200110 80200110        0     1                 .L0 
80200110 80200110        0     1                 .L0 
8020011c 8020011c        0     1                 .L0 
80200124 80200124        0     1                 .L0 
80200124 80200124        0     1                 .L0 
80200124 80200124        0     1                 .L0 
80200124 80200124       d8     4         /home/anto/.rustup/toolchains/stable-x86_64-unknown-linux-gnu/lib/rustlib/riscv32i-unknown-none-elf/lib/libcompiler_builtins-8f3efecf7b12fed5.rlib(compiler_builtins-8f3efecf7b12fed5.compiler_builtins.157b48630a04c17-cgu.144.rcgu.o):(.text.memset)
80200124 80200124        0     1                 .L0 
80200124 80200124        0     1                 .L0 
80200124 80200124        0     1                 $x
80200124 80200124        0     1                 .L0 
80200124 80200124       d8     1                 memset
80200150 80200150        0     1                 .L0 
80200150 80200150        0     1                 .L0 
80200154 80200154        0     1                 .L0 
80200154 80200154        0     1                 .L0 
80200158 80200158        0     1                 .L0 
8020015c 8020015c        0     1                 .L0 
8020015c 8020015c        0     1                 .L0 
80200160 80200160        0     1                 .L0 
80200164 80200164        0     1                 .L0 
8020016c 8020016c        0     1                 .L0 
80200170 80200170        0     1                 .L0 
80200174 80200174        0     1                 .L0 
80200174 80200174        0     1                 .L0 
80200178 80200178        0     1                 .L0 
8020017c 8020017c        0     1                 .L0 
8020017c 8020017c        0     1                 .L0 
80200180 80200180        0     1                 .L0 
80200180 80200180        0     1                 .L0 
8020018c 8020018c        0     1                 .L0 
80200194 80200194        0     1                 .L0 
80200194 80200194        0     1                 .L0 
80200198 80200198        0     1                 .L0 
80200198 80200198        0     1                 .L0 
8020019c 8020019c        0     1                 .L0 
802001a0 802001a0        0     1                 .L0 
802001a4 802001a4        0     1                 .L0 
802001a4 802001a4        0     1                 .L0 
802001a8 802001a8        0     1                 .L0 
802001ac 802001ac        0     1                 .L0 
802001ac 802001ac        0     1                 .L0 
802001b0 802001b0        0     1                 .L0 
802001b0 802001b0        0     1                 .L0 
802001b8 802001b8        0     1                 .L0 
802001b8 802001b8        0     1                 .L0 
802001bc 802001bc        0     1                 .L0 
802001c0 802001c0        0     1                 .L0 
802001c0 802001c0        0     1                 .L0 
802001c8 802001c8        0     1                 .L0 
802001c8 802001c8        0     1                 .L0 
802001e4 802001e4        0     1                 .L0 
802001ec 802001ec        0     1                 .L0 
802001f0 802001f0        0     1                 .L0 
802001f0 802001f0        0     1                 .L0 
802001fc 802001fc        0     1                 .L0 
802001fc 802001fc        0     1                 .L0 
802001fc 802001fc        0     1                 .L0 
802001fc 802001fc        0     1                 .L0 
802001fc 802001fc       48     4 .rodata
802001fc 802001fc       28     1         /home/anto/Developer/onekos/target/riscv32i-unknown-none-elf/release/deps/onekos-24d896f8d81439af.onekos.8ed6b66557cbbd90-cgu.0.rcgu.o:(.rodata..Lanon.1725e877defa45f6eb8bbb5c57284521.0)
802001fc 802001fc       28     1                 .Lanon.1725e877defa45f6eb8bbb5c57284521.0
802001fc 802001fc        0     1                 $d
80200224 80200224        d     1         /home/anto/Developer/onekos/target/riscv32i-unknown-none-elf/release/deps/onekos-24d896f8d81439af.onekos.8ed6b66557cbbd90-cgu.0.rcgu.o:(.rodata..Lanon.1725e877defa45f6eb8bbb5c57284521.1)
80200224 80200224        d     1                 .Lanon.1725e877defa45f6eb8bbb5c57284521.1
80200224 80200224        0     1                 $d
80200234 80200234       10     4         /home/anto/Developer/onekos/target/riscv32i-unknown-none-elf/release/deps/onekos-24d896f8d81439af.onekos.8ed6b66557cbbd90-cgu.0.rcgu.o:(.rodata..Lanon.1725e877defa45f6eb8bbb5c57284521.2)
80200234 80200234       10     1                 .Lanon.1725e877defa45f6eb8bbb5c57284521.2
80200234 80200234        0     1                 $d
80200244 80200244       a0     4 .eh_frame
80200244 80200244       14     1         /home/anto/.rustup/toolchains/stable-x86_64-unknown-linux-gnu/lib/rustlib/riscv32i-unknown-none-elf/lib/libcore-382131875c7d74bf.rlib(core-382131875c7d74bf.core.ca04fefa7d9bc242-cgu.0.rcgu.o):(.eh_frame+0x0)
80200258 80200258       20     1         /home/anto/.rustup/toolchains/stable-x86_64-unknown-linux-gnu/lib/rustlib/riscv32i-unknown-none-elf/lib/libcore-382131875c7d74bf.rlib(core-382131875c7d74bf.core.ca04fefa7d9bc242-cgu.0.rcgu.o):(.eh_frame+0x1160)
80200278 80200278       20     1         /home/anto/.rustup/toolchains/stable-x86_64-unknown-linux-gnu/lib/rustlib/riscv32i-unknown-none-elf/lib/libcore-382131875c7d74bf.rlib(core-382131875c7d74bf.core.ca04fefa7d9bc242-cgu.0.rcgu.o):(.eh_frame+0x11a0)
80200298 80200298       20     1         /home/anto/.rustup/toolchains/stable-x86_64-unknown-linux-gnu/lib/rustlib/riscv32i-unknown-none-elf/lib/libcompiler_builtins-8f3efecf7b12fed5.rlib(compiler_builtins-8f3efecf7b12fed5.compiler_builtins.157b48630a04c17-cgu.079.rcgu.o):(.eh_frame+0x14)
802002b8 802002b8       28     1         /home/anto/.rustup/toolchains/stable-x86_64-unknown-linux-gnu/lib/rustlib/riscv32i-unknown-none-elf/lib/libcompiler_builtins-8f3efecf7b12fed5.rlib(compiler_builtins-8f3efecf7b12fed5.compiler_builtins.157b48630a04c17-cgu.144.rcgu.o):(.eh_frame+0x14)
802002e4 802002e4        0     4 .bss
802002e4 802002e4        0     1         __bss = .
802002e4 802002e4        0     1         __bss_end = .
802002e4 802002e4        0     1 . = ALIGN ( 4 )
802002e4 802002e4    20000     1 . += 128 * 1024
802202e4 802202e4        0     1 __stack_top = .
       0        0       8b     1 .comment
       0        0       8b     1         <internal>:(.comment)
       0        0       1c     1 .riscv.attributes
       0        0       1c     1         <internal>:(.riscv.attributes)
       0        0     8b90     4 .symtab
       0        0     8b90     4         <internal>:(.symtab)
       0        0       53     1 .shstrtab
       0        0       53     1         <internal>:(.shstrtab)
       0        0     3234     1 .strtab
       0        0     3234     1         <internal>:(.strtab)
