     VMA      LMA     Size Align Out     In      Symbol
       0        0 80200000     1 . = 0x80200000
80200000 80200000      2c0     4 .text
80200000 80200000       14     4         /home/anto/Developer/onekos/target/riscv32i-unknown-none-elf/release/deps/onekos-24d896f8d81439af.onekos.8ed6b66557cbbd90-cgu.0.rcgu.o:(.text.boot)
80200000 80200000        0     1                 $x
80200000 80200000       14     1                 boot
80200014 80200014        8     4         /home/anto/Developer/onekos/target/riscv32i-unknown-none-elf/release/deps/onekos-24d896f8d81439af.onekos.8ed6b66557cbbd90-cgu.0.rcgu.o:(.text.rust_begin_unwind)
80200014 80200014        0     1                 $x
80200014 80200014        8     1                 rust_begin_unwind
8020001c 8020001c      110     4         /home/anto/Developer/onekos/target/riscv32i-unknown-none-elf/release/deps/onekos-24d896f8d81439af.onekos.8ed6b66557cbbd90-cgu.0.rcgu.o:(.text.kernel_main)
8020001c 8020001c        0     1                 $x
8020001c 8020001c      110     1                 kernel_main
8020012c 8020012c       2c     4         /home/anto/.rustup/toolchains/stable-x86_64-unknown-linux-gnu/lib/rustlib/riscv32i-unknown-none-elf/lib/libcore-382131875c7d74bf.rlib(core-382131875c7d74bf.core.ca04fefa7d9bc242-cgu.0.rcgu.o):(.text.unlikely._ZN4core9panicking9panic_fmt17hde9a8537392e6ea2E)
8020012c 8020012c        0     1                 .L0 
8020012c 8020012c        0     1                 .L0 
8020012c 8020012c        0     1                 $x
8020012c 8020012c        0     1                 .L0 
8020012c 8020012c       2c     1                 core::panicking::panic_fmt::hde9a8537392e6ea2
8020013c 8020013c        0     1                 .L0 
8020013c 8020013c        0     1                 .L0 
8020014c 8020014c        0     1                 .L0 
80200158 80200158        0     1                 .L0 
80200158 80200158       48     4         /home/anto/.rustup/toolchains/stable-x86_64-unknown-linux-gnu/lib/rustlib/riscv32i-unknown-none-elf/lib/libcore-382131875c7d74bf.rlib(core-382131875c7d74bf.core.ca04fefa7d9bc242-cgu.0.rcgu.o):(.text.unlikely._ZN4core9panicking5panic17h1e38f17edefd3a5aE)
80200158 80200158        0     1                 .L0 
80200158 80200158        0     1                 .L0 
80200158 80200158        0     1                 $x
80200158 80200158        0     1                 .L0 
80200158 80200158       48     1                 core::panicking::panic::h1e38f17edefd3a5a
80200168 80200168        0     1                 .L0 
80200174 80200174        0     1                 .L0 
80200174 80200174        0     1                 .L0 
80200190 80200190        0     1                 .L0 
802001a0 802001a0        0     1                 .L0 
802001a0 802001a0       48     4         /home/anto/.rustup/toolchains/stable-x86_64-unknown-linux-gnu/lib/rustlib/riscv32i-unknown-none-elf/lib/libcompiler_builtins-8f3efecf7b12fed5.rlib(compiler_builtins-8f3efecf7b12fed5.compiler_builtins.157b48630a04c17-cgu.079.rcgu.o):(.text.__mulsi3)
802001a0 802001a0        0     1                 .L0 
802001a0 802001a0        0     1                 .L0 
802001a0 802001a0        0     1                 $x
802001a0 802001a0        0     1                 .L0 
802001a0 802001a0       48     1                 __mulsi3
802001b4 802001b4        0     1                 .L0 
802001b4 802001b4        0     1                 .L0 
802001b8 802001b8        0     1                 .L0 
802001c8 802001c8        0     1                 .L0 
802001cc 802001cc        0     1                 .L0 
802001d0 802001d0        0     1                 .L0 
802001d4 802001d4        0     1                 .L0 
802001d4 802001d4        0     1                 .L0 
802001e0 802001e0        0     1                 .L0 
802001e8 802001e8        0     1                 .L0 
802001e8 802001e8        0     1                 .L0 
802001e8 802001e8        0     1                 .L0 
802001e8 802001e8       d8     4         /home/anto/.rustup/toolchains/stable-x86_64-unknown-linux-gnu/lib/rustlib/riscv32i-unknown-none-elf/lib/libcompiler_builtins-8f3efecf7b12fed5.rlib(compiler_builtins-8f3efecf7b12fed5.compiler_builtins.157b48630a04c17-cgu.144.rcgu.o):(.text.memset)
802001e8 802001e8        0     1                 .L0 
802001e8 802001e8        0     1                 .L0 
802001e8 802001e8        0     1                 $x
802001e8 802001e8        0     1                 .L0 
802001e8 802001e8       d8     1                 memset
80200214 80200214        0     1                 .L0 
80200214 80200214        0     1                 .L0 
80200218 80200218        0     1                 .L0 
80200218 80200218        0     1                 .L0 
8020021c 8020021c        0     1                 .L0 
80200220 80200220        0     1                 .L0 
80200220 80200220        0     1                 .L0 
80200224 80200224        0     1                 .L0 
80200228 80200228        0     1                 .L0 
80200230 80200230        0     1                 .L0 
80200234 80200234        0     1                 .L0 
80200238 80200238        0     1                 .L0 
80200238 80200238        0     1                 .L0 
8020023c 8020023c        0     1                 .L0 
80200240 80200240        0     1                 .L0 
80200240 80200240        0     1                 .L0 
80200244 80200244        0     1                 .L0 
80200244 80200244        0     1                 .L0 
80200250 80200250        0     1                 .L0 
80200258 80200258        0     1                 .L0 
80200258 80200258        0     1                 .L0 
8020025c 8020025c        0     1                 .L0 
8020025c 8020025c        0     1                 .L0 
80200260 80200260        0     1                 .L0 
80200264 80200264        0     1                 .L0 
80200268 80200268        0     1                 .L0 
80200268 80200268        0     1                 .L0 
8020026c 8020026c        0     1                 .L0 
80200270 80200270        0     1                 .L0 
80200270 80200270        0     1                 .L0 
80200274 80200274        0     1                 .L0 
80200274 80200274        0     1                 .L0 
8020027c 8020027c        0     1                 .L0 
8020027c 8020027c        0     1                 .L0 
80200280 80200280        0     1                 .L0 
80200284 80200284        0     1                 .L0 
80200284 80200284        0     1                 .L0 
8020028c 8020028c        0     1                 .L0 
8020028c 8020028c        0     1                 .L0 
802002a8 802002a8        0     1                 .L0 
802002b0 802002b0        0     1                 .L0 
802002b4 802002b4        0     1                 .L0 
802002b4 802002b4        0     1                 .L0 
802002c0 802002c0        0     1                 .L0 
802002c0 802002c0        0     1                 .L0 
802002c0 802002c0        0     1                 .L0 
802002c0 802002c0        0     1                 .L0 
802002c0 802002c0       54     4 .rodata
802002c0 802002c0        f     1         /home/anto/Developer/onekos/target/riscv32i-unknown-none-elf/release/deps/onekos-24d896f8d81439af.onekos.8ed6b66557cbbd90-cgu.0.rcgu.o:(.rodata..Lanon.1725e877defa45f6eb8bbb5c57284521.0)
802002c0 802002c0        f     1                 .Lanon.1725e877defa45f6eb8bbb5c57284521.0
802002c0 802002c0        0     1                 $d
802002cf 802002cf       28     1         /home/anto/Developer/onekos/target/riscv32i-unknown-none-elf/release/deps/onekos-24d896f8d81439af.onekos.8ed6b66557cbbd90-cgu.0.rcgu.o:(.rodata..Lanon.1725e877defa45f6eb8bbb5c57284521.1)
802002cf 802002cf       28     1                 .Lanon.1725e877defa45f6eb8bbb5c57284521.1
802002cf 802002cf        0     1                 $d
802002f7 802002f7        d     1         /home/anto/Developer/onekos/target/riscv32i-unknown-none-elf/release/deps/onekos-24d896f8d81439af.onekos.8ed6b66557cbbd90-cgu.0.rcgu.o:(.rodata..Lanon.1725e877defa45f6eb8bbb5c57284521.2)
802002f7 802002f7        d     1                 .Lanon.1725e877defa45f6eb8bbb5c57284521.2
802002f7 802002f7        0     1                 $d
80200304 80200304       10     4         /home/anto/Developer/onekos/target/riscv32i-unknown-none-elf/release/deps/onekos-24d896f8d81439af.onekos.8ed6b66557cbbd90-cgu.0.rcgu.o:(.rodata..Lanon.1725e877defa45f6eb8bbb5c57284521.3)
80200304 80200304       10     1                 .Lanon.1725e877defa45f6eb8bbb5c57284521.3
80200304 80200304        0     1                 $d
80200314 80200314       a0     4 .eh_frame
80200314 80200314       14     1         /home/anto/.rustup/toolchains/stable-x86_64-unknown-linux-gnu/lib/rustlib/riscv32i-unknown-none-elf/lib/libcore-382131875c7d74bf.rlib(core-382131875c7d74bf.core.ca04fefa7d9bc242-cgu.0.rcgu.o):(.eh_frame+0x0)
80200328 80200328       20     1         /home/anto/.rustup/toolchains/stable-x86_64-unknown-linux-gnu/lib/rustlib/riscv32i-unknown-none-elf/lib/libcore-382131875c7d74bf.rlib(core-382131875c7d74bf.core.ca04fefa7d9bc242-cgu.0.rcgu.o):(.eh_frame+0x1160)
80200348 80200348       20     1         /home/anto/.rustup/toolchains/stable-x86_64-unknown-linux-gnu/lib/rustlib/riscv32i-unknown-none-elf/lib/libcore-382131875c7d74bf.rlib(core-382131875c7d74bf.core.ca04fefa7d9bc242-cgu.0.rcgu.o):(.eh_frame+0x11a0)
80200368 80200368       20     1         /home/anto/.rustup/toolchains/stable-x86_64-unknown-linux-gnu/lib/rustlib/riscv32i-unknown-none-elf/lib/libcompiler_builtins-8f3efecf7b12fed5.rlib(compiler_builtins-8f3efecf7b12fed5.compiler_builtins.157b48630a04c17-cgu.079.rcgu.o):(.eh_frame+0x14)
80200388 80200388       28     1         /home/anto/.rustup/toolchains/stable-x86_64-unknown-linux-gnu/lib/rustlib/riscv32i-unknown-none-elf/lib/libcompiler_builtins-8f3efecf7b12fed5.rlib(compiler_builtins-8f3efecf7b12fed5.compiler_builtins.157b48630a04c17-cgu.144.rcgu.o):(.eh_frame+0x14)
802003b4 802003b4        0     4 .bss
802003b4 802003b4        0     1         __bss = .
802003b4 802003b4        0     1         __bss_end = .
802003b4 802003b4        0     1 . = ALIGN ( 4 )
802003b4 802003b4    20000     1 . += 128 * 1024
802203b4 802203b4        0     1 __stack_top = .
       0        0       8b     1 .comment
       0        0       8b     1         <internal>:(.comment)
       0        0       1c     1 .riscv.attributes
       0        0       1c     1         <internal>:(.riscv.attributes)
       0        0     8bb0     4 .symtab
       0        0     8bb0     4         <internal>:(.symtab)
       0        0       53     1 .shstrtab
       0        0       53     1         <internal>:(.shstrtab)
       0        0     3261     1 .strtab
       0        0     3261     1         <internal>:(.strtab)
