     VMA      LMA     Size Align Out     In      Symbol
       0        0 80200000     1 . = 0x80200000
80200000 80200000     1858     4 .text
80200000 80200000       14     4         /home/anto/Developer/onekos/target/riscv32i-unknown-none-elf/release/deps/onekos-24d896f8d81439af.onekos.8ed6b66557cbbd90-cgu.0.rcgu.o:(.text.boot)
80200000 80200000        0     1                 $x
80200000 80200000       14     1                 boot
80200014 80200014       20     4         /home/anto/Developer/onekos/target/riscv32i-unknown-none-elf/release/deps/onekos-24d896f8d81439af.onekos.8ed6b66557cbbd90-cgu.0.rcgu.o:(.text._ZN44_$LT$$RF$T$u20$as$u20$core..fmt..Display$GT$3fmt17h90c16e54a17e1f3dE)
80200014 80200014       20     1                 _$LT$$RF$T$u20$as$u20$core..fmt..Display$GT$::fmt::h90c16e54a17e1f3d
80200014 80200014        0     1                 $x
80200034 80200034      170     4         /home/anto/Developer/onekos/target/riscv32i-unknown-none-elf/release/deps/onekos-24d896f8d81439af.onekos.8ed6b66557cbbd90-cgu.0.rcgu.o:(.text._ZN4core3fmt5Write10write_char17h7031629b2c80e1ddE)
80200034 80200034      170     1                 core::fmt::Write::write_char::h7031629b2c80e1dd
80200034 80200034        0     1                 $x
802001a4 802001a4       1c     4         /home/anto/Developer/onekos/target/riscv32i-unknown-none-elf/release/deps/onekos-24d896f8d81439af.onekos.8ed6b66557cbbd90-cgu.0.rcgu.o:(.text._ZN4core3fmt5Write9write_fmt17hc0f62084d7b80671E)
802001a4 802001a4       1c     1                 core::fmt::Write::write_fmt::hc0f62084d7b80671
802001a4 802001a4        0     1                 $x
802001c0 802001c0       1c     4         /home/anto/Developer/onekos/target/riscv32i-unknown-none-elf/release/deps/onekos-24d896f8d81439af.onekos.8ed6b66557cbbd90-cgu.0.rcgu.o:(.text._ZN75_$LT$$RF$mut$u20$W$u20$as$u20$core..fmt..Write..write_fmt..SpecWriteFmt$GT$14spec_write_fmt17h6ae81016163b0dc7E)
802001c0 802001c0       1c     1                 _$LT$$RF$mut$u20$W$u20$as$u20$core..fmt..Write..write_fmt..SpecWriteFmt$GT$::spec_write_fmt::h6ae81016163b0dc7
802001c0 802001c0        0     1                 $x
802001dc 802001dc       bc     4         /home/anto/Developer/onekos/target/riscv32i-unknown-none-elf/release/deps/onekos-24d896f8d81439af.onekos.8ed6b66557cbbd90-cgu.0.rcgu.o:(.text._ZN59_$LT$onekos..common..Writer$u20$as$u20$core..fmt..Write$GT$9write_str17h801b27968dc4ccb5E)
802001dc 802001dc       bc     1                 _$LT$onekos..common..Writer$u20$as$u20$core..fmt..Write$GT$::write_str::h801b27968dc4ccb5
802001dc 802001dc        0     1                 $x
80200298 80200298        8     4         /home/anto/Developer/onekos/target/riscv32i-unknown-none-elf/release/deps/onekos-24d896f8d81439af.onekos.8ed6b66557cbbd90-cgu.0.rcgu.o:(.text.rust_begin_unwind)
80200298 80200298        0     1                 $x
80200298 80200298        8     1                 rust_begin_unwind
802002a0 802002a0      264     4         /home/anto/Developer/onekos/target/riscv32i-unknown-none-elf/release/deps/onekos-24d896f8d81439af.onekos.8ed6b66557cbbd90-cgu.0.rcgu.o:(.text.kernel_main)
802002a0 802002a0        0     1                 $x
802002a0 802002a0      264     1                 kernel_main
80200504 80200504       2c     4         /home/anto/.rustup/toolchains/stable-x86_64-unknown-linux-gnu/lib/rustlib/riscv32i-unknown-none-elf/lib/libcore-382131875c7d74bf.rlib(core-382131875c7d74bf.core.ca04fefa7d9bc242-cgu.0.rcgu.o):(.text.unlikely._ZN4core9panicking9panic_fmt17hde9a8537392e6ea2E)
80200504 80200504        0     1                 .L0 
80200504 80200504        0     1                 .L0 
80200504 80200504        0     1                 $x
80200504 80200504        0     1                 .L0 
80200504 80200504       2c     1                 core::panicking::panic_fmt::hde9a8537392e6ea2
80200514 80200514        0     1                 .L0 
80200514 80200514        0     1                 .L0 
80200524 80200524        0     1                 .L0 
80200530 80200530        0     1                 .L0 
80200530 80200530       48     4         /home/anto/.rustup/toolchains/stable-x86_64-unknown-linux-gnu/lib/rustlib/riscv32i-unknown-none-elf/lib/libcore-382131875c7d74bf.rlib(core-382131875c7d74bf.core.ca04fefa7d9bc242-cgu.0.rcgu.o):(.text.unlikely._ZN4core9panicking5panic17h1e38f17edefd3a5aE)
80200530 80200530        0     1                 .L0 
80200530 80200530        0     1                 .L0 
80200530 80200530        0     1                 $x
80200530 80200530        0     1                 .L0 
80200530 80200530       48     1                 core::panicking::panic::h1e38f17edefd3a5a
80200540 80200540        0     1                 .L0 
8020054c 8020054c        0     1                 .L0 
8020054c 8020054c        0     1                 .L0 
80200568 80200568        0     1                 .L0 
80200578 80200578        0     1                 .L0 
80200578 80200578      264     4         /home/anto/.rustup/toolchains/stable-x86_64-unknown-linux-gnu/lib/rustlib/riscv32i-unknown-none-elf/lib/libcore-382131875c7d74bf.rlib(core-382131875c7d74bf.core.ca04fefa7d9bc242-cgu.0.rcgu.o):(.text._ZN4core3fmt5write17hd215d94674d68830E)
80200578 80200578        0     1                 .L0 
80200578 80200578        0     1                 .L0 
80200578 80200578        0     1                 $x
80200578 80200578        0     1                 .L0 
80200578 80200578      264     1                 core::fmt::write::hd215d94674d68830
802005ac 802005ac        0     1                 .L0 
802005ac 802005ac        0     1                 .L0 
802005c0 802005c0        0     1                 .L0 
802005c0 802005c0        0     1                 .L0 
802005c4 802005c4        0     1                 .L0 
802005c4 802005c4        0     1                 .L0 
802005d4 802005d4        0     1                 .L0 
802005d4 802005d4        0     1                 .L0 
802005d8 802005d8        0     1                 .L0 
802005dc 802005dc        0     1                 .L0 
802005dc 802005dc        0     1                 .L0 
802005e0 802005e0        0     1                 .L0 
802005e8 802005e8        0     1                 .L0 
8020060c 8020060c        0     1                 .L0 
8020060c 8020060c        0     1                 .L0 
80200614 80200614        0     1                 .L0 
8020061c 8020061c        0     1                 .L0 
80200620 80200620        0     1                 .L0 
8020062c 8020062c        0     1                 .L0 
8020062c 8020062c        0     1                 .L0 
80200630 80200630        0     1                 .L0 
80200634 80200634        0     1                 .L0 
80200638 80200638        0     1                 .L0 
80200640 80200640        0     1                 .L0 
80200644 80200644        0     1                 .L0 
80200648 80200648        0     1                 .L0 
80200650 80200650        0     1                 .L0 
80200654 80200654        0     1                 .L0 
80200654 80200654        0     1                 .L0 
8020065c 8020065c        0     1                 .L0 
8020065c 8020065c        0     1                 .L0 
80200660 80200660        0     1                 .L0 
80200664 80200664        0     1                 .L0 
80200664 80200664        0     1                 .L0 
80200668 80200668        0     1                 .L0 
80200670 80200670        0     1                 .L0 
80200670 80200670        0     1                 .L0 
80200678 80200678        0     1                 .L0 
80200678 80200678        0     1                 .L0 
8020067c 8020067c        0     1                 .L0 
8020067c 8020067c        0     1                 .L0 
80200680 80200680        0     1                 .L0 
80200684 80200684        0     1                 .L0 
8020068c 8020068c        0     1                 .L0 
8020068c 8020068c        0     1                 .L0 
80200690 80200690        0     1                 .L0 
80200690 80200690        0     1                 .L0 
80200694 80200694        0     1                 .L0 
80200694 80200694        0     1                 .L0 
80200698 80200698        0     1                 .L0 
80200698 80200698        0     1                 .L0 
802006a0 802006a0        0     1                 .L0 
802006a0 802006a0        0     1                 .L0 
802006a4 802006a4        0     1                 .L0 
802006a8 802006a8        0     1                 .L0 
802006a8 802006a8        0     1                 .L0 
802006ac 802006ac        0     1                 .L0 
802006b0 802006b0        0     1                 .L0 
802006b0 802006b0        0     1                 .L0 
802006b4 802006b4        0     1                 .L0 
802006b4 802006b4        0     1                 .L0 
802006b8 802006b8        0     1                 .L0 
802006bc 802006bc        0     1                 .L0 
802006bc 802006bc        0     1                 .L0 
802006c4 802006c4        0     1                 .L0 
802006c4 802006c4        0     1                 .L0 
802006c8 802006c8        0     1                 .L0 
802006cc 802006cc        0     1                 .L0 
802006cc 802006cc        0     1                 .L0 
802006d4 802006d4        0     1                 .L0 
802006d4 802006d4        0     1                 .L0 
802006dc 802006dc        0     1                 .L0 
802006dc 802006dc        0     1                 .L0 
802006e0 802006e0        0     1                 .L0 
802006e0 802006e0        0     1                 .L0 
802006f4 802006f4        0     1                 .L0 
802006f4 802006f4        0     1                 .L0 
802006f8 802006f8        0     1                 .L0 
802006f8 802006f8        0     1                 .L0 
802006fc 802006fc        0     1                 .L0 
8020070c 8020070c        0     1                 .L0 
80200720 80200720        0     1                 .L0 
80200720 80200720        0     1                 .L0 
80200728 80200728        0     1                 .L0 
80200730 80200730        0     1                 .L0 
80200734 80200734        0     1                 .L0 
80200740 80200740        0     1                 .L0 
80200740 80200740        0     1                 .L0 
80200744 80200744        0     1                 .L0 
80200748 80200748        0     1                 .L0 
80200750 80200750        0     1                 .L0 
80200754 80200754        0     1                 .L0 
80200754 80200754        0     1                 .L0 
8020075c 8020075c        0     1                 .L0 
80200760 80200760        0     1                 .L0 
80200760 80200760        0     1                 .L0 
80200764 80200764        0     1                 .L0 
8020076c 8020076c        0     1                 .L0 
80200770 80200770        0     1                 .L0 
80200774 80200774        0     1                 .L0 
80200778 80200778        0     1                 .L0 
80200778 80200778        0     1                 .L0 
80200784 80200784        0     1                 .L0 
8020078c 8020078c        0     1                 .L0 
80200794 80200794        0     1                 .L0 
802007a0 802007a0        0     1                 .L0 
802007a4 802007a4        0     1                 .L0 
802007a8 802007a8        0     1                 .L0 
802007d4 802007d4        0     1                 .L0 
802007dc 802007dc        0     1                 .L0 
802007dc 802007dc        0     1                 .L0 
802007dc 802007dc        0     1                 .L0 
802007dc 802007dc      354     4         /home/anto/.rustup/toolchains/stable-x86_64-unknown-linux-gnu/lib/rustlib/riscv32i-unknown-none-elf/lib/libcore-382131875c7d74bf.rlib(core-382131875c7d74bf.core.ca04fefa7d9bc242-cgu.0.rcgu.o):(.text._ZN4core3fmt9Formatter12pad_integral17hcaa05ac6e40ac1e2E)
802007dc 802007dc        0     1                 .L0 
802007dc 802007dc        0     1                 .L0 
802007dc 802007dc        0     1                 $x
802007dc 802007dc        0     1                 .L0 
802007dc 802007dc      354     1                 core::fmt::Formatter::pad_integral::hcaa05ac6e40ac1e2
80200828 80200828        0     1                 .L0 
8020082c 8020082c        0     1                 .L0 
8020082c 8020082c        0     1                 .L0 
80200838 80200838        0     1                 .L0 
8020083c 8020083c        0     1                 .L0 
80200840 80200840        0     1                 .L0 
80200844 80200844        0     1                 .L0 
80200844 80200844        0     1                 .L0 
80200848 80200848        0     1                 .L0 
80200848 80200848        0     1                 .L0 
8020084c 8020084c        0     1                 .L0 
80200850 80200850        0     1                 .L0 
80200850 80200850        0     1                 .L0 
80200854 80200854        0     1                 .L0 
80200858 80200858        0     1                 .L0 
80200858 80200858        0     1                 .L0 
8020085c 8020085c        0     1                 .L0 
80200864 80200864        0     1                 .L0 
80200868 80200868        0     1                 .L0 
80200868 80200868        0     1                 .L0 
80200870 80200870        0     1                 .L0 
80200870 80200870        0     1                 .L0 
80200874 80200874        0     1                 .L0 
80200874 80200874        0     1                 .L0 
80200878 80200878        0     1                 .L0 
80200878 80200878        0     1                 .L0 
8020087c 8020087c        0     1                 .L0 
8020087c 8020087c        0     1                 .L0 
80200880 80200880        0     1                 .L0 
80200884 80200884        0     1                 .L0 
8020088c 8020088c        0     1                 .L0 
8020088c 8020088c        0     1                 .L0 
80200890 80200890        0     1                 .L0 
80200890 80200890        0     1                 .L0 
80200898 80200898        0     1                 .L0 
80200898 80200898        0     1                 .L0 
8020089c 8020089c        0     1                 .L0 
8020089c 8020089c        0     1                 .L0 
802008a0 802008a0        0     1                 .L0 
802008a4 802008a4        0     1                 .L0 
802008a8 802008a8        0     1                 .L0 
802008b0 802008b0        0     1                 .L0 
802008b4 802008b4        0     1                 .L0 
802008b4 802008b4        0     1                 .L0 
802008cc 802008cc        0     1                 .L0 
802008cc 802008cc        0     1                 .L0 
802008d0 802008d0        0     1                 .L0 
802008d4 802008d4        0     1                 .L0 
802008d8 802008d8        0     1                 .L0 
802008dc 802008dc        0     1                 .L0 
802008e0 802008e0        0     1                 .L0 
802008e0 802008e0        0     1                 .L0 
802008e8 802008e8        0     1                 .L0 
802008e8 802008e8        0     1                 .L0 
802008f0 802008f0        0     1                 .L0 
802008f0 802008f0        0     1                 .L0 
802008f4 802008f4        0     1                 .L0 
802008f4 802008f4        0     1                 .L0 
80200900 80200900        0     1                 .L0 
80200900 80200900        0     1                 .L0 
8020097c 8020097c        0     1                 .L0 
8020097c 8020097c        0     1                 .L0 
80200988 80200988        0     1                 .L0 
80200988 80200988        0     1                 .L0 
8020098c 8020098c        0     1                 .L0 
8020098c 8020098c        0     1                 .L0 
80200994 80200994        0     1                 .L0 
80200994 80200994        0     1                 .L0 
802009a0 802009a0        0     1                 .L0 
802009a0 802009a0        0     1                 .L0 
802009a4 802009a4        0     1                 .L0 
802009a4 802009a4        0     1                 .L0 
802009c4 802009c4        0     1                 .L0 
802009c4 802009c4        0     1                 .L0 
802009cc 802009cc        0     1                 .L0 
802009cc 802009cc        0     1                 .L0 
802009d4 802009d4        0     1                 .L0 
802009d4 802009d4        0     1                 .L0 
802009e4 802009e4        0     1                 .L0 
802009e4 802009e4        0     1                 .L0 
802009ec 802009ec        0     1                 .L0 
802009ec 802009ec        0     1                 .L0 
802009f0 802009f0        0     1                 .L0 
802009f0 802009f0        0     1                 .L0 
802009f4 802009f4        0     1                 .L0 
802009f8 802009f8        0     1                 .L0 
80200a04 80200a04        0     1                 .L0 
80200a18 80200a18        0     1                 .L0 
80200a1c 80200a1c        0     1                 .L0 
80200a1c 80200a1c        0     1                 .L0 
80200a20 80200a20        0     1                 .L0 
80200a24 80200a24        0     1                 .L0 
80200a24 80200a24        0     1                 .L0 
80200a34 80200a34        0     1                 .L0 
80200a34 80200a34        0     1                 .L0 
80200a38 80200a38        0     1                 .L0 
80200a38 80200a38        0     1                 .L0 
80200a70 80200a70        0     1                 .L0 
80200a78 80200a78        0     1                 .L0 
80200aa0 80200aa0        0     1                 .L0 
80200ac0 80200ac0        0     1                 .L0 
80200ac0 80200ac0        0     1                 .L0 
80200acc 80200acc        0     1                 .L0 
80200acc 80200acc        0     1                 .L0 
80200ad0 80200ad0        0     1                 .L0 
80200ad0 80200ad0        0     1                 .L0 
80200ad4 80200ad4        0     1                 .L0 
80200ad4 80200ad4        0     1                 .L0 
80200ae4 80200ae4        0     1                 .L0 
80200ae4 80200ae4        0     1                 .L0 
80200aec 80200aec        0     1                 .L0 
80200aec 80200aec        0     1                 .L0 
80200af0 80200af0        0     1                 .L0 
80200af0 80200af0        0     1                 .L0 
80200af4 80200af4        0     1                 .L0 
80200b14 80200b14        0     1                 .L0 
80200b1c 80200b1c        0     1                 .L0 
80200b20 80200b20        0     1                 .L0 
80200b28 80200b28        0     1                 .L0 
80200b28 80200b28        0     1                 .L0 
80200b2c 80200b2c        0     1                 .L0 
80200b2c 80200b2c        0     1                 .L0 
80200b30 80200b30        0     1                 .L0 
80200b30 80200b30        0     1                 .L0 
80200b30 80200b30        0     1                 .L0 
80200b30 80200b30       ac     4         /home/anto/.rustup/toolchains/stable-x86_64-unknown-linux-gnu/lib/rustlib/riscv32i-unknown-none-elf/lib/libcore-382131875c7d74bf.rlib(core-382131875c7d74bf.core.ca04fefa7d9bc242-cgu.0.rcgu.o):(.text._ZN4core3fmt9Formatter12pad_integral12write_prefix17h048c8cf455905815E)
80200b30 80200b30       ac     1                 core::fmt::Formatter::pad_integral::write_prefix::h048c8cf455905815
80200b30 80200b30        0     1                 .L0 
80200b30 80200b30        0     1                 .L0 
80200b30 80200b30        0     1                 $x
80200b30 80200b30        0     1                 .L0 
80200b60 80200b60        0     1                 .L0 
80200b64 80200b64        0     1                 .L0 
80200b80 80200b80        0     1                 .L0 
80200b80 80200b80        0     1                 .L0 
80200b84 80200b84        0     1                 .L0 
80200b84 80200b84        0     1                 .L0 
80200b88 80200b88        0     1                 .L0 
80200bac 80200bac        0     1                 .L0 
80200bb4 80200bb4        0     1                 .L0 
80200bb8 80200bb8        0     1                 .L0 
80200bd4 80200bd4        0     1                 .L0 
80200bdc 80200bdc        0     1                 .L0 
80200bdc 80200bdc        0     1                 .L0 
80200bdc 80200bdc        0     1                 .L0 
80200bdc 80200bdc      298     4         /home/anto/.rustup/toolchains/stable-x86_64-unknown-linux-gnu/lib/rustlib/riscv32i-unknown-none-elf/lib/libcore-382131875c7d74bf.rlib(core-382131875c7d74bf.core.ca04fefa7d9bc242-cgu.0.rcgu.o):(.text._ZN4core3fmt9Formatter3pad17h5f827985da9271b9E)
80200bdc 80200bdc        0     1                 .L0 
80200bdc 80200bdc        0     1                 .L0 
80200bdc 80200bdc        0     1                 $x
80200bdc 80200bdc        0     1                 .L0 
80200bdc 80200bdc      298     1                 core::fmt::Formatter::pad::h5f827985da9271b9
80200c08 80200c08        0     1                 .L0 
80200c08 80200c08        0     1                 .L0 
80200c0c 80200c0c        0     1                 .L0 
80200c0c 80200c0c        0     1                 .L0 
80200c1c 80200c1c        0     1                 .L0 
80200c1c 80200c1c        0     1                 .L0 
80200c20 80200c20        0     1                 .L0 
80200c20 80200c20        0     1                 .L0 
80200c24 80200c24        0     1                 .L0 
80200c24 80200c24        0     1                 .L0 
80200c28 80200c28        0     1                 .L0 
80200c2c 80200c2c        0     1                 .L0 
80200c2c 80200c2c        0     1                 .L0 
80200c34 80200c34        0     1                 .L0 
80200c34 80200c34        0     1                 .L0 
80200c38 80200c38        0     1                 .L0 
80200c38 80200c38        0     1                 .L0 
80200c48 80200c48        0     1                 .L0 
80200c4c 80200c4c        0     1                 .L0 
80200c4c 80200c4c        0     1                 .L0 
80200c50 80200c50        0     1                 .L0 
80200c50 80200c50        0     1                 .L0 
80200c54 80200c54        0     1                 .L0 
80200c54 80200c54        0     1                 .L0 
80200c5c 80200c5c        0     1                 .L0 
80200c5c 80200c5c        0     1                 .L0 
80200c60 80200c60        0     1                 .L0 
80200c60 80200c60        0     1                 .L0 
80200c64 80200c64        0     1                 .L0 
80200c64 80200c64        0     1                 .L0 
80200c68 80200c68        0     1                 .L0 
80200c6c 80200c6c        0     1                 .L0 
80200c70 80200c70        0     1                 .L0 
80200c74 80200c74        0     1                 .L0 
80200c78 80200c78        0     1                 .L0 
80200c78 80200c78        0     1                 .L0 
80200c80 80200c80        0     1                 .L0 
80200c84 80200c84        0     1                 .L0 
80200c88 80200c88        0     1                 .L0 
80200c8c 80200c8c        0     1                 .L0 
80200c90 80200c90        0     1                 .L0 
80200c90 80200c90        0     1                 .L0 
80200c94 80200c94        0     1                 .L0 
80200c94 80200c94        0     1                 .L0 
80200c98 80200c98        0     1                 .L0 
80200c98 80200c98        0     1                 .L0 
80200c9c 80200c9c        0     1                 .L0 
80200ca0 80200ca0        0     1                 .L0 
80200ca0 80200ca0        0     1                 .L0 
80200ca8 80200ca8        0     1                 .L0 
80200cb0 80200cb0        0     1                 .L0 
80200cb4 80200cb4        0     1                 .L0 
80200cb8 80200cb8        0     1                 .L0 
80200cc4 80200cc4        0     1                 .L0 
80200cc4 80200cc4        0     1                 .L0 
80200cc8 80200cc8        0     1                 .L0 
80200cc8 80200cc8        0     1                 .L0 
80200ccc 80200ccc        0     1                 .L0 
80200ccc 80200ccc        0     1                 .L0 
80200cd4 80200cd4        0     1                 .L0 
80200cd4 80200cd4        0     1                 .L0 
80200cd8 80200cd8        0     1                 .L0 
80200cd8 80200cd8        0     1                 .L0 
80200cdc 80200cdc        0     1                 .L0 
80200cdc 80200cdc        0     1                 .L0 
80200ce0 80200ce0        0     1                 .L0 
80200ce0 80200ce0        0     1                 .L0 
80200ce8 80200ce8        0     1                 .L0 
80200cec 80200cec        0     1                 .L0 
80200cf4 80200cf4        0     1                 .L0 
80200cf4 80200cf4        0     1                 .L0 
80200cf8 80200cf8        0     1                 .L0 
80200cfc 80200cfc        0     1                 .L0 
80200cfc 80200cfc        0     1                 .L0 
80200d00 80200d00        0     1                 .L0 
80200d08 80200d08        0     1                 .L0 
80200d0c 80200d0c        0     1                 .L0 
80200d0c 80200d0c        0     1                 .L0 
80200d14 80200d14        0     1                 .L0 
80200d14 80200d14        0     1                 .L0 
80200d18 80200d18        0     1                 .L0 
80200d18 80200d18        0     1                 .L0 
80200d1c 80200d1c        0     1                 .L0 
80200d1c 80200d1c        0     1                 .L0 
80200d20 80200d20        0     1                 .L0 
80200d20 80200d20        0     1                 .L0 
80200d24 80200d24        0     1                 .L0 
80200d24 80200d24        0     1                 .L0 
80200d30 80200d30        0     1                 .L0 
80200d30 80200d30        0     1                 .L0 
80200d34 80200d34        0     1                 .L0 
80200d34 80200d34        0     1                 .L0 
80200d3c 80200d3c        0     1                 .L0 
80200d44 80200d44        0     1                 .L0 
80200d48 80200d48        0     1                 .L0 
80200d48 80200d48        0     1                 .L0 
80200d4c 80200d4c        0     1                 .L0 
80200d4c 80200d4c        0     1                 .L0 
80200d64 80200d64        0     1                 .L0 
80200d64 80200d64        0     1                 .L0 
80200d68 80200d68        0     1                 .L0 
80200dac 80200dac        0     1                 .L0 
80200dac 80200dac        0     1                 .L0 
80200db0 80200db0        0     1                 .L0 
80200db4 80200db4        0     1                 .L0 
80200dbc 80200dbc        0     1                 .L0 
80200dc8 80200dc8        0     1                 .L0 
80200dcc 80200dcc        0     1                 .L0 
80200dcc 80200dcc        0     1                 .L0 
80200dd0 80200dd0        0     1                 .L0 
80200dd4 80200dd4        0     1                 .L0 
80200dd4 80200dd4        0     1                 .L0 
80200de4 80200de4        0     1                 .L0 
80200de4 80200de4        0     1                 .L0 
80200de8 80200de8        0     1                 .L0 
80200dec 80200dec        0     1                 .L0 
80200df0 80200df0        0     1                 .L0 
80200df0 80200df0        0     1                 .L0 
80200e0c 80200e0c        0     1                 .L0 
80200e0c 80200e0c        0     1                 .L0 
80200e10 80200e10        0     1                 .L0 
80200e10 80200e10        0     1                 .L0 
80200e1c 80200e1c        0     1                 .L0 
80200e1c 80200e1c        0     1                 .L0 
80200e20 80200e20        0     1                 .L0 
80200e20 80200e20        0     1                 .L0 
80200e24 80200e24        0     1                 .L0 
80200e24 80200e24        0     1                 .L0 
80200e34 80200e34        0     1                 .L0 
80200e34 80200e34        0     1                 .L0 
80200e40 80200e40        0     1                 .L0 
80200e40 80200e40        0     1                 .L0 
80200e44 80200e44        0     1                 .L0 
80200e44 80200e44        0     1                 .L0 
80200e48 80200e48        0     1                 .L0 
80200e48 80200e48        0     1                 .L0 
80200e6c 80200e6c        0     1                 .L0 
80200e74 80200e74        0     1                 .L0 
80200e74 80200e74        0     1                 .L0 
80200e74 80200e74        0     1                 .L0 
80200e74 80200e74       34     4         /home/anto/.rustup/toolchains/stable-x86_64-unknown-linux-gnu/lib/rustlib/riscv32i-unknown-none-elf/lib/libcore-382131875c7d74bf.rlib(core-382131875c7d74bf.core.ca04fefa7d9bc242-cgu.0.rcgu.o):(.text._ZN42_$LT$str$u20$as$u20$core..fmt..Display$GT$3fmt17h534dde399deb07a9E)
80200e74 80200e74        0     1                 .L0 
80200e74 80200e74        0     1                 .L0 
80200e74 80200e74        0     1                 $x
80200e74 80200e74        0     1                 .L0 
80200e74 80200e74       34     1                 _$LT$str$u20$as$u20$core..fmt..Display$GT$::fmt::h534dde399deb07a9
80200e8c 80200e8c        0     1                 .L0 
80200e9c 80200e9c        0     1                 .L0 
80200ea8 80200ea8        0     1                 .L0 
80200ea8 80200ea8      238     4         /home/anto/.rustup/toolchains/stable-x86_64-unknown-linux-gnu/lib/rustlib/riscv32i-unknown-none-elf/lib/libcore-382131875c7d74bf.rlib(core-382131875c7d74bf.core.ca04fefa7d9bc242-cgu.0.rcgu.o):(.text._ZN4core3str5count14do_count_chars17ha719cabf9a7fda25E)
80200ea8 80200ea8        0     1                 .L0 
80200ea8 80200ea8        0     1                 .L0 
80200ea8 80200ea8        0     1                 $x
80200ea8 80200ea8        0     1                 .L0 
80200ea8 80200ea8      238     1                 core::str::count::do_count_chars::ha719cabf9a7fda25
80200ebc 80200ebc        0     1                 .L0 
80200ebc 80200ebc        0     1                 .L0 
80200ec4 80200ec4        0     1                 .L0 
80200ec8 80200ec8        0     1                 .L0 
80200ecc 80200ecc        0     1                 .L0 
80200ecc 80200ecc        0     1                 .L0 
80200ed0 80200ed0        0     1                 .L0 
80200ed0 80200ed0        0     1                 .L0 
80200ed4 80200ed4        0     1                 .L0 
80200ed8 80200ed8        0     1                 .L0 
80200edc 80200edc        0     1                 .L0 
80200edc 80200edc        0     1                 .L0 
80200ee4 80200ee4        0     1                 .L0 
80200ee4 80200ee4        0     1                 .L0 
80200ee8 80200ee8        0     1                 .L0 
80200ee8 80200ee8        0     1                 .L0 
80200eec 80200eec        0     1                 .L0 
80200eec 80200eec        0     1                 .L0 
80200ef0 80200ef0        0     1                 .L0 
80200ef0 80200ef0        0     1                 .L0 
80200ef8 80200ef8        0     1                 .L0 
80200f00 80200f00        0     1                 .L0 
80200f00 80200f00        0     1                 .L0 
80200f04 80200f04        0     1                 .L0 
80200f04 80200f04        0     1                 .L0 
80200f08 80200f08        0     1                 .L0 
80200f08 80200f08        0     1                 .L0 
80200f0c 80200f0c        0     1                 .L0 
80200f14 80200f14        0     1                 .L0 
80200f14 80200f14        0     1                 .L0 
80200f18 80200f18        0     1                 .L0 
80200f1c 80200f1c        0     1                 .L0 
80200f20 80200f20        0     1                 .L0 
80200f24 80200f24        0     1                 .L0 
80200f28 80200f28        0     1                 .L0 
80200f28 80200f28        0     1                 .L0 
80200f30 80200f30        0     1                 .L0 
80200f30 80200f30        0     1                 .L0 
80200f34 80200f34        0     1                 .L0 
80200f34 80200f34        0     1                 .L0 
80200f38 80200f38        0     1                 .L0 
80200f38 80200f38        0     1                 .L0 
80200f3c 80200f3c        0     1                 .L0 
80200f3c 80200f3c        0     1                 .L0 
80200f40 80200f40        0     1                 .L0 
80200f40 80200f40        0     1                 .L0 
80200f44 80200f44        0     1                 .L0 
80200f4c 80200f4c        0     1                 .L0 
80200f50 80200f50        0     1                 .L0 
80200f50 80200f50        0     1                 .L0 
80200f58 80200f58        0     1                 .L0 
80200f58 80200f58        0     1                 .L0 
80200f5c 80200f5c        0     1                 .L0 
80200f68 80200f68        0     1                 .L0 
80200f68 80200f68        0     1                 .L0 
80200f78 80200f78        0     1                 .L0 
80200f84 80200f84        0     1                 .L0 
80200f90 80200f90        0     1                 .L0 
80200f90 80200f90        0     1                 .L0 
80200f94 80200f94        0     1                 .L0 
80200f98 80200f98        0     1                 .L0 
80200f9c 80200f9c        0     1                 .L0 
80200fa0 80200fa0        0     1                 .L0 
80200fa0 80200fa0        0     1                 .L0 
80200fa8 80200fa8        0     1                 .L0 
80200fac 80200fac        0     1                 .L0 
80200fb4 80200fb4        0     1                 .L0 
80200fd0 80200fd0        0     1                 .L0 
80200fd0 80200fd0        0     1                 .L0 
80200fdc 80200fdc        0     1                 .L0 
80200fdc 80200fdc        0     1                 .L0 
80200fe8 80200fe8        0     1                 .L0 
80200fec 80200fec        0     1                 .L0 
80200fec 80200fec        0     1                 .L0 
80200ff0 80200ff0        0     1                 .L0 
80200ff4 80200ff4        0     1                 .L0 
80200ff8 80200ff8        0     1                 .L0 
80200ff8 80200ff8        0     1                 .L0 
80200ffc 80200ffc        0     1                 .L0 
80200ffc 80200ffc        0     1                 .L0 
80201004 80201004        0     1                 .L0 
80201004 80201004        0     1                 .L0 
80201008 80201008        0     1                 .L0 
80201008 80201008        0     1                 .L0 
8020100c 8020100c        0     1                 .L0 
80201010 80201010        0     1                 .L0 
80201010 80201010        0     1                 .L0 
80201014 80201014        0     1                 .L0 
80201014 80201014        0     1                 .L0 
80201018 80201018        0     1                 .L0 
80201020 80201020        0     1                 .L0 
80201024 80201024        0     1                 .L0 
80201028 80201028        0     1                 .L0 
8020102c 8020102c        0     1                 .L0 
80201030 80201030        0     1                 .L0 
80201030 80201030        0     1                 .L0 
80201034 80201034        0     1                 .L0 
80201034 80201034        0     1                 .L0 
80201038 80201038        0     1                 .L0 
80201038 80201038        0     1                 .L0 
80201040 80201040        0     1                 .L0 
80201040 80201040        0     1                 .L0 
80201044 80201044        0     1                 .L0 
80201048 80201048        0     1                 .L0 
8020104c 8020104c        0     1                 .L0 
80201054 80201054        0     1                 .L0 
80201054 80201054        0     1                 .L0 
80201058 80201058        0     1                 .L0 
80201064 80201064        0     1                 .L0 
80201074 80201074        0     1                 .L0 
80201074 80201074        0     1                 .L0 
80201088 80201088        0     1                 .L0 
80201088 80201088        0     1                 .L0 
8020108c 8020108c        0     1                 .L0 
8020108c 8020108c        0     1                 .L0 
80201090 80201090        0     1                 .L0 
80201090 80201090        0     1                 .L0 
80201094 80201094        0     1                 .L0 
80201098 80201098        0     1                 .L0 
8020109c 8020109c        0     1                 .L0 
802010a4 802010a4        0     1                 .L0 
802010a4 802010a4        0     1                 .L0 
802010a8 802010a8        0     1                 .L0 
802010a8 802010a8        0     1                 .L0 
802010b0 802010b0        0     1                 .L0 
802010b0 802010b0        0     1                 .L0 
802010b4 802010b4        0     1                 .L0 
802010b8 802010b8        0     1                 .L0 
802010bc 802010bc        0     1                 .L0 
802010c0 802010c0        0     1                 .L0 
802010c0 802010c0        0     1                 .L0 
802010c8 802010c8        0     1                 .L0 
802010cc 802010cc        0     1                 .L0 
802010d8 802010d8        0     1                 .L0 
802010e0 802010e0        0     1                 .L0 
802010e0 802010e0        0     1                 .L0 
802010e0 802010e0        0     1                 .L0 
802010e0 802010e0       84     4         /home/anto/.rustup/toolchains/stable-x86_64-unknown-linux-gnu/lib/rustlib/riscv32i-unknown-none-elf/lib/libcore-382131875c7d74bf.rlib(core-382131875c7d74bf.core.ca04fefa7d9bc242-cgu.0.rcgu.o):(.text._ZN4core3fmt3num53_$LT$impl$u20$core..fmt..LowerHex$u20$for$u20$i32$GT$3fmt17hf7219493facdd1eeE)
802010e0 802010e0        0     1                 .L0 
802010e0 802010e0        0     1                 .L0 
802010e0 802010e0        0     1                 $x
802010e0 802010e0        0     1                 .L0 
802010e0 802010e0       84     1                 core::fmt::num::_$LT$impl$u20$core..fmt..LowerHex$u20$for$u20$i32$GT$::fmt::hf7219493facdd1ee
802010e0 802010e0       84     1                 core::fmt::num::_$LT$impl$u20$core..fmt..LowerHex$u20$for$u20$usize$GT$::fmt::h9e1600cc6e26d32d
802010e0 802010e0       84     1                 core::fmt::num::_$LT$impl$u20$core..fmt..LowerHex$u20$for$u20$isize$GT$::fmt::h1bc8b80e05993021
802010e0 802010e0       84     1                 core::fmt::num::_$LT$impl$u20$core..fmt..LowerHex$u20$for$u20$u32$GT$::fmt::h98d8f5193518eb9a
802010f0 802010f0        0     1                 .L0 
802010fc 802010fc        0     1                 .L0 
802010fc 802010fc        0     1                 .L0 
80201108 80201108        0     1                 .L0 
80201110 80201110        0     1                 .L0 
80201110 80201110        0     1                 .L0 
80201114 80201114        0     1                 .L0 
80201120 80201120        0     1                 .L0 
80201120 80201120        0     1                 .L0 
80201124 80201124        0     1                 .L0 
80201124 80201124        0     1                 .L0 
80201130 80201130        0     1                 .L0 
80201130 80201130        0     1                 .L0 
80201134 80201134        0     1                 .L0 
8020115c 8020115c        0     1                 .L0 
8020115c 8020115c        0     1                 .L0 
80201164 80201164        0     1                 .L0 
80201164 80201164        0     1                 .L0 
80201164 80201164        0     1                 .L0 
80201164 80201164      240     4         /home/anto/.rustup/toolchains/stable-x86_64-unknown-linux-gnu/lib/rustlib/riscv32i-unknown-none-elf/lib/libcore-382131875c7d74bf.rlib(core-382131875c7d74bf.core.ca04fefa7d9bc242-cgu.0.rcgu.o):(.text._ZN4core3fmt3num3imp52_$LT$impl$u20$core..fmt..Display$u20$for$u20$i32$GT$3fmt17h46764f4d4047531eE)
80201164 80201164        0     1                 .L0 
80201164 80201164        0     1                 .L0 
80201164 80201164        0     1                 $x
80201164 80201164        0     1                 .L0 
80201164 80201164      240     1                 core::fmt::num::imp::_$LT$impl$u20$core..fmt..Display$u20$for$u20$i32$GT$::fmt::h46764f4d4047531e
80201164 80201164      240     1                 core::fmt::num::imp::_$LT$impl$u20$core..fmt..Display$u20$for$u20$isize$GT$::fmt::h05988acccc4f0da1
8020119c 8020119c        0     1                 .L0 
802011a4 802011a4        0     1                 .L0 
802011a8 802011a8        0     1                 .L0 
802011a8 802011a8        0     1                 .L0 
802011c0 802011c0        0     1                 .L0 
802011c4 802011c4        0     1                 .L0 
802011d8 802011d8        0     1                 .L0 
802011dc 802011dc        0     1                 .L0 
802011f0 802011f0        0     1                 .L0 
80201200 80201200        0     1                 .L0 
80201218 80201218        0     1                 .L0 
80201228 80201228        0     1                 .L0 
80201228 80201228        0     1                 .L0 
8020122c 8020122c        0     1                 .L0 
8020122c 8020122c        0     1                 .L0 
80201230 80201230        0     1                 .L0 
80201230 80201230        0     1                 .L0 
80201238 80201238        0     1                 .L0 
80201238 80201238        0     1                 .L0 
80201240 80201240        0     1                 .L0 
80201240 80201240        0     1                 .L0 
80201244 80201244        0     1                 .L0 
80201244 80201244        0     1                 .L0 
8020124c 8020124c        0     1                 .L0 
8020124c 8020124c        0     1                 .L0 
80201250 80201250        0     1                 .L0 
80201250 80201250        0     1                 .L0 
80201254 80201254        0     1                 .L0 
80201254 80201254        0     1                 .L0 
8020125c 8020125c        0     1                 .L0 
8020125c 8020125c        0     1                 .L0 
80201264 80201264        0     1                 .L0 
80201268 80201268        0     1                 .L0 
8020126c 8020126c        0     1                 .L0 
80201280 80201280        0     1                 .L0 
80201294 80201294        0     1                 .L0 
80201298 80201298        0     1                 .L0 
80201298 80201298        0     1                 .L0 
8020129c 8020129c        0     1                 .L0 
8020129c 8020129c        0     1                 .L0 
802012a8 802012a8        0     1                 .L0 
802012a8 802012a8        0     1                 .L0 
802012ac 802012ac        0     1                 .L0 
802012ac 802012ac        0     1                 .L0 
802012b8 802012b8        0     1                 .L0 
802012b8 802012b8        0     1                 .L0 
802012bc 802012bc        0     1                 .L0 
802012c0 802012c0        0     1                 .L0 
802012c8 802012c8        0     1                 .L0 
802012c8 802012c8        0     1                 .L0 
802012cc 802012cc        0     1                 .L0 
802012d8 802012d8        0     1                 .L0 
802012d8 802012d8        0     1                 .L0 
802012dc 802012dc        0     1                 .L0 
80201314 80201314        0     1                 .L0 
80201320 80201320        0     1                 .L0 
80201320 80201320        0     1                 .L0 
80201324 80201324        0     1                 .L0 
80201328 80201328        0     1                 .L0 
80201328 80201328        0     1                 .L0 
8020132c 8020132c        0     1                 .L0 
8020132c 8020132c        0     1                 .L0 
80201338 80201338        0     1                 .L0 
80201338 80201338        0     1                 .L0 
8020133c 8020133c        0     1                 .L0 
8020133c 8020133c        0     1                 .L0 
80201344 80201344        0     1                 .L0 
80201344 80201344        0     1                 .L0 
80201348 80201348        0     1                 .L0 
80201348 80201348        0     1                 .L0 
80201350 80201350        0     1                 .L0 
80201354 80201354        0     1                 .L0 
8020139c 8020139c        0     1                 .L0 
8020139c 8020139c        0     1                 .L0 
802013a4 802013a4        0     1                 .L0 
802013a4 802013a4        0     1                 .L0 
802013a4 802013a4        0     1                 .L0 
802013a4 802013a4      22c     4         /home/anto/.rustup/toolchains/stable-x86_64-unknown-linux-gnu/lib/rustlib/riscv32i-unknown-none-elf/lib/libcore-382131875c7d74bf.rlib(core-382131875c7d74bf.core.ca04fefa7d9bc242-cgu.0.rcgu.o):(.text._ZN4core3fmt3num3imp21_$LT$impl$u20$u32$GT$4_fmt17h9762f9156349f59bE)
802013a4 802013a4      22c     1                 core::fmt::num::imp::_$LT$impl$u20$u32$GT$::_fmt::h9762f9156349f59b
802013a4 802013a4        0     1                 .L0 
802013a4 802013a4        0     1                 .L0 
802013a4 802013a4        0     1                 $x
802013a4 802013a4        0     1                 .L0 
802013ec 802013ec        0     1                 .L0 
80201404 80201404        0     1                 .L0 
80201408 80201408        0     1                 .L0 
8020140c 8020140c        0     1                 .L0 
80201410 80201410        0     1                 .L0 
80201414 80201414        0     1                 .L0 
8020141c 8020141c        0     1                 .L0 
8020141c 8020141c        0     1                 .L0 
80201420 80201420        0     1                 .L0 
8020142c 8020142c        0     1                 .L0 
80201434 80201434        0     1                 .L0 
8020144c 8020144c        0     1                 .L0 
80201450 80201450        0     1                 .L0 
80201464 80201464        0     1                 .L0 
80201474 80201474        0     1                 .L0 
8020148c 8020148c        0     1                 .L0 
802014a0 802014a0        0     1                 .L0 
802014a0 802014a0        0     1                 .L0 
802014a4 802014a4        0     1                 .L0 
802014a4 802014a4        0     1                 .L0 
802014a8 802014a8        0     1                 .L0 
802014a8 802014a8        0     1                 .L0 
802014ac 802014ac        0     1                 .L0 
802014ac 802014ac        0     1                 .L0 
802014b8 802014b8        0     1                 .L0 
802014b8 802014b8        0     1                 .L0 
802014bc 802014bc        0     1                 .L0 
802014bc 802014bc        0     1                 .L0 
802014c4 802014c4        0     1                 .L0 
802014c4 802014c4        0     1                 .L0 
802014c8 802014c8        0     1                 .L0 
802014c8 802014c8        0     1                 .L0 
802014d4 802014d4        0     1                 .L0 
802014d4 802014d4        0     1                 .L0 
802014dc 802014dc        0     1                 .L0 
802014ec 802014ec        0     1                 .L0 
802014f4 802014f4        0     1                 .L0 
80201504 80201504        0     1                 .L0 
8020151c 8020151c        0     1                 .L0 
80201520 80201520        0     1                 .L0 
80201520 80201520        0     1                 .L0 
80201524 80201524        0     1                 .L0 
80201524 80201524        0     1                 .L0 
80201530 80201530        0     1                 .L0 
80201530 80201530        0     1                 .L0 
80201534 80201534        0     1                 .L0 
80201534 80201534        0     1                 .L0 
80201544 80201544        0     1                 .L0 
80201544 80201544        0     1                 .L0 
80201548 80201548        0     1                 .L0 
8020154c 8020154c        0     1                 .L0 
80201550 80201550        0     1                 .L0 
80201550 80201550        0     1                 .L0 
80201554 80201554        0     1                 .L0 
80201554 80201554        0     1                 .L0 
80201560 80201560        0     1                 .L0 
80201560 80201560        0     1                 .L0 
80201564 80201564        0     1                 .L0 
80201564 80201564        0     1                 .L0 
8020156c 8020156c        0     1                 .L0 
8020156c 8020156c        0     1                 .L0 
80201570 80201570        0     1                 .L0 
80201570 80201570        0     1                 .L0 
80201578 80201578        0     1                 .L0 
8020157c 8020157c        0     1                 .L0 
802015c8 802015c8        0     1                 .L0 
802015d0 802015d0        0     1                 .L0 
802015d0 802015d0        0     1                 .L0 
802015d0 802015d0        0     1                 .L0 
802015d0 802015d0       48     4         /home/anto/.rustup/toolchains/stable-x86_64-unknown-linux-gnu/lib/rustlib/riscv32i-unknown-none-elf/lib/libcompiler_builtins-8f3efecf7b12fed5.rlib(compiler_builtins-8f3efecf7b12fed5.compiler_builtins.157b48630a04c17-cgu.079.rcgu.o):(.text.__mulsi3)
802015d0 802015d0        0     1                 .L0 
802015d0 802015d0        0     1                 .L0 
802015d0 802015d0        0     1                 $x
802015d0 802015d0        0     1                 .L0 
802015d0 802015d0       48     1                 __mulsi3
802015e4 802015e4        0     1                 .L0 
802015e4 802015e4        0     1                 .L0 
802015e8 802015e8        0     1                 .L0 
802015f8 802015f8        0     1                 .L0 
802015fc 802015fc        0     1                 .L0 
80201600 80201600        0     1                 .L0 
80201604 80201604        0     1                 .L0 
80201604 80201604        0     1                 .L0 
80201610 80201610        0     1                 .L0 
80201618 80201618        0     1                 .L0 
80201618 80201618        0     1                 .L0 
80201618 80201618        0     1                 .L0 
80201618 80201618      144     4         /home/anto/.rustup/toolchains/stable-x86_64-unknown-linux-gnu/lib/rustlib/riscv32i-unknown-none-elf/lib/libcompiler_builtins-8f3efecf7b12fed5.rlib(compiler_builtins-8f3efecf7b12fed5.compiler_builtins.157b48630a04c17-cgu.006.rcgu.o):(.text._ZN17compiler_builtins3int19specialized_div_rem11u32_div_rem17hddcd948d2a91dd89E)
80201618 80201618        0     1                 .L0 
80201618 80201618        0     1                 .L0 
80201618 80201618        0     1                 $x
80201618 80201618        0     1                 .L0 
80201618 80201618      144     1                 compiler_builtins::int::specialized_div_rem::u32_div_rem::hddcd948d2a91dd89
8020162c 8020162c        0     1                 .L0 
80201630 80201630        0     1                 .L0 
80201634 80201634        0     1                 .L0 
80201638 80201638        0     1                 .L0 
80201638 80201638        0     1                 .L0 
80201648 80201648        0     1                 .L0 
8020164c 8020164c        0     1                 .L0 
80201650 80201650        0     1                 .L0 
80201654 80201654        0     1                 .L0 
80201660 80201660        0     1                 .L0 
80201664 80201664        0     1                 .L0 
80201668 80201668        0     1                 .L0 
80201670 80201670        0     1                 .L0 
8020167c 8020167c        0     1                 .L0 
80201680 80201680        0     1                 .L0 
80201684 80201684        0     1                 .L0 
8020168c 8020168c        0     1                 .L0 
80201698 80201698        0     1                 .L0 
8020169c 8020169c        0     1                 .L0 
802016a0 802016a0        0     1                 .L0 
802016a4 802016a4        0     1                 .L0 
802016a8 802016a8        0     1                 .L0 
802016b8 802016b8        0     1                 .L0 
802016b8 802016b8        0     1                 .L0 
802016bc 802016bc        0     1                 .L0 
802016bc 802016bc        0     1                 .L0 
802016c4 802016c4        0     1                 .L0 
802016c8 802016c8        0     1                 .L0 
802016cc 802016cc        0     1                 .L0 
802016d0 802016d0        0     1                 .L0 
802016d4 802016d4        0     1                 .L0 
802016d8 802016d8        0     1                 .L0 
802016dc 802016dc        0     1                 .L0 
802016e4 802016e4        0     1                 .L0 
802016e8 802016e8        0     1                 .L0 
802016e8 802016e8        0     1                 .L0 
802016ec 802016ec        0     1                 .L0 
802016fc 802016fc        0     1                 .L0 
80201708 80201708        0     1                 .L0 
8020170c 8020170c        0     1                 .L0 
80201710 80201710        0     1                 .L0 
80201714 80201714        0     1                 .L0 
80201720 80201720        0     1                 .L0 
80201724 80201724        0     1                 .L0 
80201724 80201724        0     1                 .L0 
80201728 80201728        0     1                 .L0 
80201728 80201728        0     1                 .L0 
80201730 80201730        0     1                 .L0 
80201730 80201730        0     1                 .L0 
80201734 80201734        0     1                 .L0 
80201734 80201734        0     1                 .L0 
8020173c 8020173c        0     1                 .L0 
80201744 80201744        0     1                 .L0 
80201748 80201748        0     1                 .L0 
80201754 80201754        0     1                 .L0 
8020175c 8020175c        0     1                 .L0 
8020175c 8020175c        0     1                 .L0 
8020175c 8020175c        0     1                 .L0 
8020175c 8020175c       d8     4         /home/anto/.rustup/toolchains/stable-x86_64-unknown-linux-gnu/lib/rustlib/riscv32i-unknown-none-elf/lib/libcompiler_builtins-8f3efecf7b12fed5.rlib(compiler_builtins-8f3efecf7b12fed5.compiler_builtins.157b48630a04c17-cgu.144.rcgu.o):(.text.memset)
8020175c 8020175c        0     1                 .L0 
8020175c 8020175c        0     1                 .L0 
8020175c 8020175c        0     1                 $x
8020175c 8020175c        0     1                 .L0 
8020175c 8020175c       d8     1                 memset
80201788 80201788        0     1                 .L0 
80201788 80201788        0     1                 .L0 
8020178c 8020178c        0     1                 .L0 
8020178c 8020178c        0     1                 .L0 
80201790 80201790        0     1                 .L0 
80201794 80201794        0     1                 .L0 
80201794 80201794        0     1                 .L0 
80201798 80201798        0     1                 .L0 
8020179c 8020179c        0     1                 .L0 
802017a4 802017a4        0     1                 .L0 
802017a8 802017a8        0     1                 .L0 
802017ac 802017ac        0     1                 .L0 
802017ac 802017ac        0     1                 .L0 
802017b0 802017b0        0     1                 .L0 
802017b4 802017b4        0     1                 .L0 
802017b4 802017b4        0     1                 .L0 
802017b8 802017b8        0     1                 .L0 
802017b8 802017b8        0     1                 .L0 
802017c4 802017c4        0     1                 .L0 
802017cc 802017cc        0     1                 .L0 
802017cc 802017cc        0     1                 .L0 
802017d0 802017d0        0     1                 .L0 
802017d0 802017d0        0     1                 .L0 
802017d4 802017d4        0     1                 .L0 
802017d8 802017d8        0     1                 .L0 
802017dc 802017dc        0     1                 .L0 
802017dc 802017dc        0     1                 .L0 
802017e0 802017e0        0     1                 .L0 
802017e4 802017e4        0     1                 .L0 
802017e4 802017e4        0     1                 .L0 
802017e8 802017e8        0     1                 .L0 
802017e8 802017e8        0     1                 .L0 
802017f0 802017f0        0     1                 .L0 
802017f0 802017f0        0     1                 .L0 
802017f4 802017f4        0     1                 .L0 
802017f8 802017f8        0     1                 .L0 
802017f8 802017f8        0     1                 .L0 
80201800 80201800        0     1                 .L0 
80201800 80201800        0     1                 .L0 
8020181c 8020181c        0     1                 .L0 
80201824 80201824        0     1                 .L0 
80201828 80201828        0     1                 .L0 
80201828 80201828        0     1                 .L0 
80201834 80201834        0     1                 .L0 
80201834 80201834        0     1                 .L0 
80201834 80201834        0     1                 .L0 
80201834 80201834        0     1                 .L0 
80201834 80201834       24     4         /home/anto/.rustup/toolchains/stable-x86_64-unknown-linux-gnu/lib/rustlib/riscv32i-unknown-none-elf/lib/libcompiler_builtins-8f3efecf7b12fed5.rlib(compiler_builtins-8f3efecf7b12fed5.compiler_builtins.157b48630a04c17-cgu.166.rcgu.o):(.text.__udivsi3)
80201834 80201834        0     1                 .L0 
80201834 80201834        0     1                 .L0 
80201834 80201834        0     1                 $x
80201834 80201834        0     1                 .L0 
80201834 80201834       24     1                 __udivsi3
8020184c 8020184c        0     1                 .L0 
8020184c 8020184c        0     1                 .L0 
80201858 80201858        0     1                 .L0 
80201858 80201858      186     4 .rodata
80201858 80201858       18     4         /home/anto/Developer/onekos/target/riscv32i-unknown-none-elf/release/deps/onekos-24d896f8d81439af.onekos.8ed6b66557cbbd90-cgu.0.rcgu.o:(.rodata..Lanon.1725e877defa45f6eb8bbb5c57284521.0)
80201858 80201858       18     1                 .Lanon.1725e877defa45f6eb8bbb5c57284521.0
80201858 80201858        0     1                 $d
80201870 80201870        c     1         /home/anto/Developer/onekos/target/riscv32i-unknown-none-elf/release/deps/onekos-24d896f8d81439af.onekos.8ed6b66557cbbd90-cgu.0.rcgu.o:(.rodata..Lanon.1725e877defa45f6eb8bbb5c57284521.1)
80201870 80201870        c     1                 .Lanon.1725e877defa45f6eb8bbb5c57284521.1
80201870 80201870        0     1                 $d
8020187c 8020187c        1     1         /home/anto/Developer/onekos/target/riscv32i-unknown-none-elf/release/deps/onekos-24d896f8d81439af.onekos.8ed6b66557cbbd90-cgu.0.rcgu.o:(.rodata..Lanon.1725e877defa45f6eb8bbb5c57284521.2)
8020187c 8020187c        1     1                 .Lanon.1725e877defa45f6eb8bbb5c57284521.2
8020187c 8020187c        0     1                 $d
80201880 80201880        8     4         /home/anto/Developer/onekos/target/riscv32i-unknown-none-elf/release/deps/onekos-24d896f8d81439af.onekos.8ed6b66557cbbd90-cgu.0.rcgu.o:(.rodata..Lanon.1725e877defa45f6eb8bbb5c57284521.3)
80201880 80201880        8     1                 .Lanon.1725e877defa45f6eb8bbb5c57284521.3
80201880 80201880        0     1                 $d
80201888 80201888       10     4         <internal>:(.rodata.cst8)
80201898 80201898       10     4         /home/anto/Developer/onekos/target/riscv32i-unknown-none-elf/release/deps/onekos-24d896f8d81439af.onekos.8ed6b66557cbbd90-cgu.0.rcgu.o:(.rodata..Lanon.1725e877defa45f6eb8bbb5c57284521.5)
80201898 80201898       10     1                 .Lanon.1725e877defa45f6eb8bbb5c57284521.5
80201898 80201898        0     1                 $d
802018a8 802018a8        8     4         <internal>:(.rodata.cst4)
802018b0 802018b0        2     1         /home/anto/Developer/onekos/target/riscv32i-unknown-none-elf/release/deps/onekos-24d896f8d81439af.onekos.8ed6b66557cbbd90-cgu.0.rcgu.o:(.rodata..Lanon.1725e877defa45f6eb8bbb5c57284521.9)
802018b0 802018b0        2     1                 .Lanon.1725e877defa45f6eb8bbb5c57284521.9
802018b0 802018b0        0     1                 $d
802018b4 802018b4       18     4         /home/anto/Developer/onekos/target/riscv32i-unknown-none-elf/release/deps/onekos-24d896f8d81439af.onekos.8ed6b66557cbbd90-cgu.0.rcgu.o:(.rodata..Lanon.1725e877defa45f6eb8bbb5c57284521.10)
802018b4 802018b4       18     1                 .Lanon.1725e877defa45f6eb8bbb5c57284521.10
802018b4 802018b4        0     1                 $d
802018cc 802018cc       28     1         /home/anto/Developer/onekos/target/riscv32i-unknown-none-elf/release/deps/onekos-24d896f8d81439af.onekos.8ed6b66557cbbd90-cgu.0.rcgu.o:(.rodata..Lanon.1725e877defa45f6eb8bbb5c57284521.11)
802018cc 802018cc       28     1                 .Lanon.1725e877defa45f6eb8bbb5c57284521.11
802018cc 802018cc        0     1                 $d
802018f4 802018f4        d     1         /home/anto/Developer/onekos/target/riscv32i-unknown-none-elf/release/deps/onekos-24d896f8d81439af.onekos.8ed6b66557cbbd90-cgu.0.rcgu.o:(.rodata..Lanon.1725e877defa45f6eb8bbb5c57284521.12)
802018f4 802018f4        d     1                 .Lanon.1725e877defa45f6eb8bbb5c57284521.12
802018f4 802018f4        0     1                 $d
80201904 80201904       10     4         /home/anto/Developer/onekos/target/riscv32i-unknown-none-elf/release/deps/onekos-24d896f8d81439af.onekos.8ed6b66557cbbd90-cgu.0.rcgu.o:(.rodata..Lanon.1725e877defa45f6eb8bbb5c57284521.13)
80201904 80201904       10     1                 .Lanon.1725e877defa45f6eb8bbb5c57284521.13
80201904 80201904        0     1                 $d
80201914 80201914        2     1         /home/anto/.rustup/toolchains/stable-x86_64-unknown-linux-gnu/lib/rustlib/riscv32i-unknown-none-elf/lib/libcore-382131875c7d74bf.rlib(core-382131875c7d74bf.core.ca04fefa7d9bc242-cgu.0.rcgu.o):(.rodata..Lanon.8d26b788eb1f6bc508158e114ece2bdd.290)
80201914 80201914        2     1                 .Lanon.8d26b788eb1f6bc508158e114ece2bdd.290
80201914 80201914        0     1                 $d
80201916 80201916       c8     1         /home/anto/.rustup/toolchains/stable-x86_64-unknown-linux-gnu/lib/rustlib/riscv32i-unknown-none-elf/lib/libcore-382131875c7d74bf.rlib(core-382131875c7d74bf.core.ca04fefa7d9bc242-cgu.0.rcgu.o):(.rodata..Lanon.8d26b788eb1f6bc508158e114ece2bdd.292)
80201916 80201916       c8     1                 .Lanon.8d26b788eb1f6bc508158e114ece2bdd.292
80201916 80201916        0     1                 $d
802019e0 802019e0      260     4 .eh_frame
802019e0 802019e0       14     1         /home/anto/.rustup/toolchains/stable-x86_64-unknown-linux-gnu/lib/rustlib/riscv32i-unknown-none-elf/lib/libcore-382131875c7d74bf.rlib(core-382131875c7d74bf.core.ca04fefa7d9bc242-cgu.0.rcgu.o):(.eh_frame+0x0)
802019f4 802019f4       20     1         /home/anto/.rustup/toolchains/stable-x86_64-unknown-linux-gnu/lib/rustlib/riscv32i-unknown-none-elf/lib/libcore-382131875c7d74bf.rlib(core-382131875c7d74bf.core.ca04fefa7d9bc242-cgu.0.rcgu.o):(.eh_frame+0x1160)
80201a14 80201a14       20     1         /home/anto/.rustup/toolchains/stable-x86_64-unknown-linux-gnu/lib/rustlib/riscv32i-unknown-none-elf/lib/libcore-382131875c7d74bf.rlib(core-382131875c7d74bf.core.ca04fefa7d9bc242-cgu.0.rcgu.o):(.eh_frame+0x11a0)
80201a34 80201a34       b8     1         /home/anto/.rustup/toolchains/stable-x86_64-unknown-linux-gnu/lib/rustlib/riscv32i-unknown-none-elf/lib/libcore-382131875c7d74bf.rlib(core-382131875c7d74bf.core.ca04fefa7d9bc242-cgu.0.rcgu.o):(.eh_frame+0x19b4)
80201aec 80201aec       20     1         /home/anto/.rustup/toolchains/stable-x86_64-unknown-linux-gnu/lib/rustlib/riscv32i-unknown-none-elf/lib/libcore-382131875c7d74bf.rlib(core-382131875c7d74bf.core.ca04fefa7d9bc242-cgu.0.rcgu.o):(.eh_frame+0x1e6c)
80201b0c 80201b0c       20     1         /home/anto/.rustup/toolchains/stable-x86_64-unknown-linux-gnu/lib/rustlib/riscv32i-unknown-none-elf/lib/libcore-382131875c7d74bf.rlib(core-382131875c7d74bf.core.ca04fefa7d9bc242-cgu.0.rcgu.o):(.eh_frame+0x21b8)
80201b2c 80201b2c       20     1         /home/anto/.rustup/toolchains/stable-x86_64-unknown-linux-gnu/lib/rustlib/riscv32i-unknown-none-elf/lib/libcore-382131875c7d74bf.rlib(core-382131875c7d74bf.core.ca04fefa7d9bc242-cgu.0.rcgu.o):(.eh_frame+0x371c)
80201b4c 80201b4c       34     1         /home/anto/.rustup/toolchains/stable-x86_64-unknown-linux-gnu/lib/rustlib/riscv32i-unknown-none-elf/lib/libcore-382131875c7d74bf.rlib(core-382131875c7d74bf.core.ca04fefa7d9bc242-cgu.0.rcgu.o):(.eh_frame+0x3910)
80201b80 80201b80       34     1         /home/anto/.rustup/toolchains/stable-x86_64-unknown-linux-gnu/lib/rustlib/riscv32i-unknown-none-elf/lib/libcore-382131875c7d74bf.rlib(core-382131875c7d74bf.core.ca04fefa7d9bc242-cgu.0.rcgu.o):(.eh_frame+0x3964)
80201bb4 80201bb4       20     1         /home/anto/.rustup/toolchains/stable-x86_64-unknown-linux-gnu/lib/rustlib/riscv32i-unknown-none-elf/lib/libcompiler_builtins-8f3efecf7b12fed5.rlib(compiler_builtins-8f3efecf7b12fed5.compiler_builtins.157b48630a04c17-cgu.079.rcgu.o):(.eh_frame+0x14)
80201bd4 80201bd4       20     1         /home/anto/.rustup/toolchains/stable-x86_64-unknown-linux-gnu/lib/rustlib/riscv32i-unknown-none-elf/lib/libcompiler_builtins-8f3efecf7b12fed5.rlib(compiler_builtins-8f3efecf7b12fed5.compiler_builtins.157b48630a04c17-cgu.006.rcgu.o):(.eh_frame+0x74)
80201bf4 80201bf4       28     1         /home/anto/.rustup/toolchains/stable-x86_64-unknown-linux-gnu/lib/rustlib/riscv32i-unknown-none-elf/lib/libcompiler_builtins-8f3efecf7b12fed5.rlib(compiler_builtins-8f3efecf7b12fed5.compiler_builtins.157b48630a04c17-cgu.144.rcgu.o):(.eh_frame+0x14)
80201c1c 80201c1c       20     1         /home/anto/.rustup/toolchains/stable-x86_64-unknown-linux-gnu/lib/rustlib/riscv32i-unknown-none-elf/lib/libcompiler_builtins-8f3efecf7b12fed5.rlib(compiler_builtins-8f3efecf7b12fed5.compiler_builtins.157b48630a04c17-cgu.166.rcgu.o):(.eh_frame+0x14)
80201c40 80201c40        0     4 .bss
80201c40 80201c40        0     1         __bss = .
80201c40 80201c40        0     1         __bss_end = .
80201c40 80201c40        0     1 . = ALIGN ( 4 )
80201c40 80201c40    20000     1 . += 128 * 1024
80221c40 80221c40        0     1 __stack_top = .
       0        0       8b     1 .comment
       0        0       8b     1         <internal>:(.comment)
       0        0       1c     1 .riscv.attributes
       0        0       1c     1         <internal>:(.riscv.attributes)
       0        0     c070     4 .symtab
       0        0     c070     4         <internal>:(.symtab)
       0        0       53     1 .shstrtab
       0        0       53     1         <internal>:(.shstrtab)
       0        0     4938     1 .strtab
       0        0     4938     1         <internal>:(.strtab)
